# Deterministic excerpt from the pinned Teensy 4.0 O2STD link.  The test keeps
# the size summary, linker memory regions, relevant output sections, and
# demangled `nm --print-size` records together as one combined-budget input.
Memory Usage on Teensy 4.0:
  FLASH: code:94356, data:23496, headers:9120   free for files:1904644
   RAM1: variables:456992, code:32744, padding:24   free for local variables:34528
   RAM2: variables:520192  free for malloc/new:4096

Memory Configuration

Name             Origin             Length             Attributes
ITCM             0x00000000         0x00080000         xr
DTCM             0x20000000         0x00080000         rw
RAM              0x20200000         0x00080000         rw
FLASH            0x60000000         0x001f0000         xr

Linker output sections
.bss            0x20001ac0    0x6de60
.bss.dma        0x20200000    0x7f000

Demangled nm --print-size records
20002ac0 00069000 b (anonymous namespace)::packet_storage_primary
20200000 0005f000 b (anonymous namespace)::packet_storage_reserve
2025f000 00000300 B teensy_daq::adc_capture::g_adc_dma_descriptors
2025f300 00000020 B teensy_daq::adc_capture::g_adc_dma_overflow_sink
2025f320 00007f00 B teensy_daq::adc_capture::g_adc_dma_buffers
20268220 00003f80 B teensy_daq::gpio_packer::g_gpio_packed_buffers
2026c1c0 000000a0 B teensy_daq::gpio_capture::g_gpio_raw_dma_descriptors
2026c260 00000020 B teensy_daq::gpio_capture::g_gpio_raw_dma_overflow_sink
2026c280 0000fd00 B teensy_daq::gpio_capture::g_gpio_raw_dma_buffers
2027d000 00002000 b txbuffer
